// Jest Snapshot v1, https://goo.gl/fbAQLP

exports[`Header should render the child components 1`] = `[Function]`;
